// Jest Snapshot v1, https://goo.gl/fbAQLP

exports[`AddMember.vue renders 1`] = `
<div data-tipe-ui="AddMember" class="grid">
  <div class="close">
    <TipeIcon-stub icon="close" height="1rem" width="1rem" color="#000" __iconLoader__="function _default(icon) {
  return require(&quot;../../icons/&quot;.concat(icon, &quot;.svg&quot;)).default;
}"></TipeIcon-stub>
  </div>
  <div class="content">
    <p class="title">Add Member</p>
    <AvatarUpload-stub></AvatarUpload-stub>
    <form>
      <TipeField-stub name="name" field="[object Object]" label="Name" status="" errorMessage="" successMessage="" warningMessage="" class="name">
        <TipeTextInput-stub label="" placeholder="" name="" size="medium" tabindex="0"></TipeTextInput-stub>
      </TipeField-stub>
      <TipeField-stub name="email" field="[object Object]" label="Email" status="" errorMessage="" successMessage="" warningMessage="" class="email">
        <TipeTextInput-stub label="" placeholder="" name="" size="medium" tabindex="0"></TipeTextInput-stub>
      </TipeField-stub>
      <TipeField-stub name="" field="[object Object]" label="Role" status="" errorMessage="" successMessage="" warningMessage="" class="role">
        <TipeSelect-stub type="" placeholder="" name="" size="medium" tabindex="0"></TipeSelect-stub>
      </TipeField-stub>
      <div class="seperator">
        <TipeSeperator-stub></TipeSeperator-stub>
      </div>
      <div class="add-button">
        <TipeButton-stub color="primary" iconBefore="" iconAfter="" name="" value="Submit" disabled="disabled" size="large" tabindex="0" type="submit">ADD MEMBER</TipeButton-stub>
      </div>
    </form>
  </div>
</div>
`;
