// Jest Snapshot v1, https://goo.gl/fbAQLP

exports[`TipeSelect.vue renders 1`] = `
<div data-tipe-ui="TipeSelect" class="select-flex">
  <label htmlFor="Role">Role</label>
  <div class="select">
    <select>
      <option hidden="hidden" value="owner">Owner</option>
      <option hidden="hidden" value="admin">Admin</option>
    </select>
    <!---->
  </div>
</div>
`;
