// Jest Snapshot v1, https://goo.gl/fbAQLP

exports[`TemplateBrowserToolbar <TemplateBrowserToolbar> matches previous snapshot 1`] = `
<div data-tipe-ui="TipeTemplateBrowserToolbar">
  <div class="filter-control-container">
    <TipeTemplateBrowserFilterControl-stub></TipeTemplateBrowserFilterControl-stub>
  </div>
  <div class="new-template-button-container">
    <TipeButton-stub></TipeButton-stub>
  </div>
</div>
`;
