// Jest Snapshot v1, https://goo.gl/fbAQLP

exports[`TemplateBrowserFilterControl <TemplateBrowserFilterControl> matches previous snapshot 1`] = `
<div data-tipe-ui="TipeTemplateBrowserFilterControl">
  <button class="on">
    Recently Viewed
  </button>
  <button>
    Starred
  </button>
  <button>
    Created by me
  </button>
</div>
`;
