// Jest Snapshot v1, https://goo.gl/fbAQLP

exports[`DocumentBlock <template> matches previous snapshot 1`] = `
<div data-tipe-ui="TipeDocumentBlock" class="status-success">
  <div class="margin">
    <!---->
  </div>
  <div class="header">
    <TipeDocumentBlockHeader-stub type="SIMPLE_TEXT" label="Simple Text" name="test-name" apiId="test-apiId" value="test-value" description="test-description" status="success" successMessage="" errorMessage="" warningMessage="" validation="[object Object]"></TipeDocumentBlockHeader-stub>
  </div>
  <div class="body">
    <TipeDocumentBlockValueInput-stub type="SIMPLE_TEXT" label="" name="" apiId="" value="test-value" description="" status="success" successMessage="" errorMessage="" warningMessage=""></TipeDocumentBlockValueInput-stub>
  </div>
  <div class="footer">
    <TipeDocumentBlockMessage-stub status="success" successMessage="" warningMessage="" errorMessage=""></TipeDocumentBlockMessage-stub>
  </div>
</div>
`;
