// Jest Snapshot v1, https://goo.gl/fbAQLP

exports[`DocumentBlock <template> matches previous snapshot 1`] = `
<div data-tipe-ui="TipeDocumentBlock" class="status-success">
  <div class="margin">
    <!---->
  </div>
  <div class="header">
    <TipeDocumentBlockHeader-stub></TipeDocumentBlockHeader-stub>
  </div>
  <div class="body">
    <TipeDocumentBlock-stub></TipeDocumentBlock-stub>
  </div>
  <div class="footer">
    <TipeDocumentBlockMessage-stub></TipeDocumentBlockMessage-stub>
  </div>
</div>
`;
