// Jest Snapshot v1, https://goo.gl/fbAQLP

exports[`TipeField.vue renders 1`] = `
<div data-tipe-ui="TipeFieldContainer">
  <label for="Name">Name</label>
  <!---->
  <!---->
</div>
`;

exports[`TipeField.vue should not break with no slots 1`] = `
<div data-tipe-ui="TipeFieldContainer">
  <label for="Name">Name</label>
  <!---->
  <!---->
</div>
`;

exports[`TipeField.vue should render with multiple slots 1`] = `
<div data-tipe-ui="TipeFieldContainer">
  <label for="Name">Name</label>
  <!---->
  <!---->
</div>
`;
