// Jest Snapshot v1, https://goo.gl/fbAQLP

exports[`Table.vue renders 1`] = `
<table class="table">
  <tr class="table-heading">
    <th class="start">NAME<span><Icon-stub icon="arrow-up" height="6px" width="9px" color="#000" __iconLoader__="function _default(icon) {
  return require(&quot;../../icons/&quot;.concat(icon, &quot;.svg&quot;)).default;
}"></Icon-stub></span></th>
    <th>ROLE<span><Icon-stub icon="arrow-up" height="6px" width="9px" color="#000" __iconLoader__="function _default(icon) {
  return require(&quot;../../icons/&quot;.concat(icon, &quot;.svg&quot;)).default;
}"></Icon-stub></span></th>
    <th>DATE JOINED<span><Icon-stub icon="arrow-up" height="6px" width="9px" color="#000" __iconLoader__="function _default(icon) {
  return require(&quot;../../icons/&quot;.concat(icon, &quot;.svg&quot;)).default;
}"></Icon-stub></span></th>
    <th>STATUS<span><Icon-stub icon="arrow-up" height="6px" width="9px" color="#000" __iconLoader__="function _default(icon) {
  return require(&quot;../../icons/&quot;.concat(icon, &quot;.svg&quot;)).default;
}"></Icon-stub></span></th>
    <th>ACTION</th>
  </tr>
  <div class="table-body">
    <TipeScrollable-stub>
      <TableRow-stub member="[object Object]"></TableRow-stub>
      <TableRow-stub member="[object Object]" gray="true"></TableRow-stub>
      <TableRow-stub member="[object Object]"></TableRow-stub>
      <TableRow-stub member="[object Object]" gray="true"></TableRow-stub>
      <TableRow-stub member="[object Object]"></TableRow-stub>
    </TipeScrollable-stub>
  </div>
</table>
`;
