// Jest Snapshot v1, https://goo.gl/fbAQLP

exports[`Table.vue renders 1`] = `
<table class="table">
  <tr class="table-heading">
    <!---->
    <th class="start">NAME<span><!----></span></th>
    <th>ROLE<span><!----></span></th>
    <th>DATE JOINED<span><!----></span></th>
    <th>STATUS<span><!----></span></th>
    <th>ACTION</th>
    <!---->
  </tr>
  <div class="table-body">
    <!---->
  </div>
</table>
`;
