// Jest Snapshot v1, https://goo.gl/fbAQLP

exports[`NumberInput <template> matches previous snapshot 1`] = `
<div data-tipe-ui="TipeNumberInput" class="medium">
  <input tabindex="0" max="Infinity" min="-Infinity" step="1" type="number">
  <button>
    <TipeIcon-stub></TipeIcon-stub>
  </button>
  <button>
    <TipeIcon-stub></TipeIcon-stub>
  </button>
</div>
`;
