// Jest Snapshot v1, https://goo.gl/fbAQLP

exports[`Progress.vue renders 1`] = `
<div data-tipe-ui="TipeSwitch" class="wrapper">
  <div class="row">
    <label class="switch">
      <input id="Share Location-switch" name="location" type="checkbox"> <span class="slider round"></span></label>
    <label for="Share Location-switch" class="label">Share Location</label>
  </div>
</div>
`;
