// Jest Snapshot v1, https://goo.gl/fbAQLP

exports[`TableRow.vue renders 1`] = `
<div class="padding">
  <tr class="member-row">
    <td class="row info">
      <div class="image">
        <TipeProfileImage-stub url="http://placekitten.com/g/200/300"></TipeProfileImage-stub>
      </div>
      <div class="column">
        <p class="name-text">Garnett Koch</p>
        <p class="small-text email">Hank_Zemlak@hotmail.com</p>
      </div>
    </td>
    <td class="row">
      <TipeSelect-stub type="button" options="[object Object],[object Object],[object Object]" placeholder="" defaultSelected="[object Object]" name="" size="small" tabindex="0" dropdown="true"></TipeSelect-stub>
    </td>
    <td class="row">
      <p class="small-text"></p>
    </td>
    <td class="row">
      <p class="small-text">Offline</p>
    </td>
    <td class="row">
      <TipeButton-stub color="none" iconBefore="paper-airplane" iconAfter="" name="" size="icon" tabindex="0"></TipeButton-stub>
      <TipeButton-stub color="none" iconBefore="trash" iconAfter="" name="" size="icon" tabindex="0"></TipeButton-stub>
    </td>
  </tr>
  <Seperator-stub></Seperator-stub>
</div>
`;
