// Jest Snapshot v1, https://goo.gl/fbAQLP

exports[`TableRow.vue renders 1`] = `
<div class="padding">
  <tr class="member-row">
    <td class="row info">
      <div class="image">
        <TipeProfileImage-stub></TipeProfileImage-stub>
      </div>
      <div class="column">
        <p class="name-text">Garnett Koch</p>
        <p class="small-text email">Hank_Zemlak@hotmail.com</p>
      </div>
    </td>
    <td class="row">
      <TipeSelect-stub></TipeSelect-stub>
    </td>
    <td class="row">
      <p class="small-text"></p>
    </td>
    <td class="row">
      <p class="small-text">Offline</p>
    </td>
    <td class="row">
      <TipeButton-stub></TipeButton-stub>
      <TipeButton-stub></TipeButton-stub>
    </td>
  </tr>
  <TipeSeperator-stub></TipeSeperator-stub>
</div>
`;
