// Jest Snapshot v1, https://goo.gl/fbAQLP

exports[`ContentBrowser <ContentBrowser> matches previous snapshot 1`] = `
<section data-tipe-ui="TipeContentBrowser">
  <header class="nav-container">
    <TipeBreadcrumbs-stub></TipeBreadcrumbs-stub>
  </header>
  <div class="content-window">
    <div class="scrollable">
      <div class="browser">
        <section class="finder-container">
          <header class="finder-header">Folders</header>
          <TipeFinder-stub files="" layout="grid" icon="rectangle"></TipeFinder-stub>
        </section>
        <section class="finder-container">
          <header class="finder-header">Documents</header>
          <TipeFinder-stub files="" layout="grid" icon="rectangle"></TipeFinder-stub>
        </section>
      </div>
    </div>
  </div>
</section>
`;
