// Jest Snapshot v1, https://goo.gl/fbAQLP

exports[`Settings.vue renders 1`] = `
<div class="panel-content">
  <div class="row">
    <IconBadge-stub icon="rocket" height="20px" width="20px"></IconBadge-stub>
    <TipeProgress-stub total="40" used="8.08" unit="GB" title="Space"></TipeProgress-stub>
  </div>
  <Accordian-stub text="Folder Details"></Accordian-stub>
  <TipeSettings-stub></TipeSettings-stub>
  <RecentActivity-stub></RecentActivity-stub>
</div>
`;
