// Jest Snapshot v1, https://goo.gl/fbAQLP

exports[`FileIconRectangle <template> matches previous snapshot 1`] = `
<div data-tipe-ui="TipeFileIconRectangle">
  <button class="file-icon">
    <!---->
  </button>
  <button class="label">
    test-label
  </button>
  <button class="options-icon">
    <!---->
  </button>
</div>
`;
