// Jest Snapshot v1, https://goo.gl/fbAQLP

exports[`FileIconRectangle <template> matches previous snapshot 1`] = `
<div data-tipe-ui="TipeFileIconRectangle" file="[object Object]"><button class="file-icon">
    <TipeIcon-stub icon="" height="1rem" width="1rem" color="#000" __iconLoader__="function _default(icon) {
  return require(&quot;../../icons/&quot;.concat(icon, &quot;.svg&quot;)).default;
}"></TipeIcon-stub>
  </button> <button class="label">

  </button> <button class="options-icon">
    <TipeIcon-stub icon="options" height="1rem" width="1rem" color="#000" __iconLoader__="function _default(icon) {
  return require(&quot;../../icons/&quot;.concat(icon, &quot;.svg&quot;)).default;
}"></TipeIcon-stub>
  </button></div>
`;
