// Jest Snapshot v1, https://goo.gl/fbAQLP

exports[`SettingsMenu.vue renders 1`] = `
<ul>
  <li class="first">
    <div class="icon">
      <TipeIcon-stub></TipeIcon-stub>
    </div>
    <p class="label">General</p>
  </li>
  <li>
    <div class="icon">
      <TipeIcon-stub></TipeIcon-stub>
    </div>
    <p class="label">Members</p>
  </li>
  <li>
    <div class="icon">
      <TipeIcon-stub></TipeIcon-stub>
    </div>
    <p class="label">API Key</p>
  </li>
  <li>
    <div class="icon">
      <TipeIcon-stub></TipeIcon-stub>
    </div>
    <p class="label">Webhooks</p>
  </li>
  <li class="last">
    <div class="icon">
      <TipeIcon-stub></TipeIcon-stub>
    </div>
    <p class="label">Billing</p>
  </li>
</ul>
`;
