// Jest Snapshot v1, https://goo.gl/fbAQLP

exports[`Sidebar <template> matches previous snapshot 1`] = `
<a data-tipe-ui="TipeSidebarLink">
  <div class="icon-container">
    <TipeIcon-stub icon="" height="1.5rem" width="1.5rem" color="#FFF" __iconLoader__="function _default(icon) {
  return require(&quot;../../icons/&quot;.concat(icon, &quot;.svg&quot;)).default;
}" class="icon"></TipeIcon-stub>
  </div>
  <div class="indicator"></div>
</a>
`;
